2025-11-30 16:13:51,517 ERROR: Błąd w kontekście 'main.fetch_and_store_all': fetch_and_store_all() got an unexpected keyword argument 'fetch_hourly'
2025-11-30 16:13:51,518 ERROR: Szczegóły wyjątku:
Traceback (most recent call last):
  File "c:\Users\szymo\Desktop\studia\Metody pozyskiwania informacjoi\Metody-pozyskiwania-informacji---Projekt\Main.py", line 131, in main
    inserted_rows = fetch_and_store_all(
        Path(DB_PATH),
    ...<5 lines>...
        end_date=end_date
    )
TypeError: fetch_and_store_all() got an unexpected keyword argument 'fetch_hourly'
2025-11-30 16:13:51,520 ERROR: Wystąpił krytyczny błąd podczas pobierania danych. Sprawdź data/login.log
2025-11-30 16:14:15,139 ERROR: Błąd w kontekście 'main.continuous_loop': fetch_and_store_all() got an unexpected keyword argument 'fetch_hourly'
2025-11-30 16:14:15,147 ERROR: Szczegóły wyjątku:
Traceback (most recent call last):
  File "c:\Users\szymo\Desktop\studia\Metody pozyskiwania informacjoi\Metody-pozyskiwania-informacji---Projekt\Main.py", line 89, in main
    inserted_rows = fetch_and_store_all(
        Path(DB_PATH),
    ...<3 lines>...
        save_payloads=save_payloads
    )
TypeError: fetch_and_store_all() got an unexpected keyword argument 'fetch_hourly'
2025-11-30 16:14:15,149 ERROR: Błąd w trybie ciągłym. Sprawdź logi.
2025-11-30 16:15:56,549 ERROR: Błąd w kontekście 'main.continuous_loop': fetch_and_store_all() takes 0 positional arguments but 5 were given
2025-11-30 16:15:56,550 ERROR: Szczegóły wyjątku:
Traceback (most recent call last):
  File "c:\Users\szymo\Desktop\studia\Metody pozyskiwania informacjoi\Metody-pozyskiwania-informacji---Projekt\Main.py", line 89, in main
    inserted_rows = fetch_and_store_all(
        Path(DB_PATH),
    ...<3 lines>...
        save_payloads
    )
TypeError: fetch_and_store_all() takes 0 positional arguments but 5 were given
2025-11-30 16:15:56,552 ERROR: Błąd w trybie ciągłym. Sprawdź logi.
2025-11-30 16:29:44,020 ERROR: Błąd w analyze_payload_and_alert
Traceback (most recent call last):
  File "c:\Users\szymo\Desktop\studia\Metody pozyskiwania informacjoi\Metody-pozyskiwania-informacji---Projekt\Alert.py", line 180, in analyze_payload_and_alert
    total_precip = sum(block_rain) + sum(block_snow)
                   ~~~^^^^^^^^^^^^
TypeError: 'float' object is not iterable
2025-11-30 16:29:44,024 ERROR: Błąd w analyze_payload_and_alert
Traceback (most recent call last):
  File "c:\Users\szymo\Desktop\studia\Metody pozyskiwania informacjoi\Metody-pozyskiwania-informacji---Projekt\Alert.py", line 180, in analyze_payload_and_alert
    total_precip = sum(block_rain) + sum(block_snow)
                   ~~~^^^^^^^^^^^^
TypeError: 'float' object is not iterable
2025-11-30 16:29:44,026 ERROR: Błąd w analyze_payload_and_alert
Traceback (most recent call last):
  File "c:\Users\szymo\Desktop\studia\Metody pozyskiwania informacjoi\Metody-pozyskiwania-informacji---Projekt\Alert.py", line 180, in analyze_payload_and_alert
    total_precip = sum(block_rain) + sum(block_snow)
                   ~~~^^^^^^^^^^^^
TypeError: 'float' object is not iterable
2025-11-30 16:29:44,028 ERROR: Błąd w analyze_payload_and_alert
Traceback (most recent call last):
  File "c:\Users\szymo\Desktop\studia\Metody pozyskiwania informacjoi\Metody-pozyskiwania-informacji---Projekt\Alert.py", line 180, in analyze_payload_and_alert
    total_precip = sum(block_rain) + sum(block_snow)
                   ~~~^^^^^^^^^^^^
TypeError: 'float' object is not iterable
2025-11-30 16:29:44,030 ERROR: Błąd w analyze_payload_and_alert
Traceback (most recent call last):
  File "c:\Users\szymo\Desktop\studia\Metody pozyskiwania informacjoi\Metody-pozyskiwania-informacji---Projekt\Alert.py", line 180, in analyze_payload_and_alert
    total_precip = sum(block_rain) + sum(block_snow)
                   ~~~^^^^^^^^^^^^
TypeError: 'float' object is not iterable
2025-11-30 16:29:44,032 ERROR: Błąd w analyze_payload_and_alert
Traceback (most recent call last):
  File "c:\Users\szymo\Desktop\studia\Metody pozyskiwania informacjoi\Metody-pozyskiwania-informacji---Projekt\Alert.py", line 180, in analyze_payload_and_alert
    total_precip = sum(block_rain) + sum(block_snow)
                   ~~~^^^^^^^^^^^^
TypeError: 'float' object is not iterable
2025-11-30 16:29:44,034 ERROR: Błąd w analyze_payload_and_alert
Traceback (most recent call last):
  File "c:\Users\szymo\Desktop\studia\Metody pozyskiwania informacjoi\Metody-pozyskiwania-informacji---Projekt\Alert.py", line 180, in analyze_payload_and_alert
    total_precip = sum(block_rain) + sum(block_snow)
                   ~~~^^^^^^^^^^^^
TypeError: 'float' object is not iterable
2025-11-30 16:29:44,036 ERROR: Błąd w analyze_payload_and_alert
Traceback (most recent call last):
  File "c:\Users\szymo\Desktop\studia\Metody pozyskiwania informacjoi\Metody-pozyskiwania-informacji---Projekt\Alert.py", line 180, in analyze_payload_and_alert
    total_precip = sum(block_rain) + sum(block_snow)
                   ~~~^^^^^^^^^^^^
TypeError: 'float' object is not iterable
